input: {"id":"6450762775837268","method":"x-blueprintcompiler/compile","params":{"text":"using Gtk 4.0;\n\nBox welcome {\n  orientation: vertical;\n  valign: center;\n  halign: center;\n\n  Image {\n    name: \"logo\";\n    icon-name: \"re.sonny.Workbench\";\n    pixel-size: 196;\n    margin-bottom: 24;\n\n    styles [\n      \"icon-dropshadow\",\n    ]\n  }\n\n  Label {\n    label: \"Welcome to Workbench\";\n    margin-bottom: 24;\n\n    styles [\n      \"title-1\",\n    ]\n  }\n\n  Label {\n    label: \"A sandbox to learn and prototype with\nGNOME technologies\";\n    margin-bottom: 24;\n    justify: center;\n  }\n\n  Box {\n    margin-bottom: 12;\n\n    Image {\n      icon-name: \"update-symbolic\";\n      margin-end: 12;\n      icon-size: normal;\n    }\n\n    Label {\n      label: \"Edit Style and UI to reload the Preview\";\n    }\n  }\n\n  Box {\n    margin-bottom: 12;\n\n    Image {\n      icon-name: \"media-playback-start-symbolic\";\n      margin-end: 12;\n      icon-size: normal;\n    }\n\n    Label {\n      label: \"Hit\";\n    }\n\n    ShortcutsShortcut {\n      accelerator: \"<Primary>Return\";\n      margin-start: 12;\n    }\n\n    Label {\n      label: \"to format and run Code\";\n    }\n  }\n\n  Box {\n    margin-bottom: 12;\n\n    Image {\n      icon-name: \"user-bookmarks-symbolic\";\n      margin-end: 12;\n      icon-size: normal;\n    }\n\n    Label {\n      label: \"Checkout the bookmarks to learn\";\n    }\n  }\n\n  Box {\n    margin-bottom: 12;\n\n    Image {\n      icon-name: \"media-floppy-symbolic\";\n      margin-end: 12;\n      icon-size: normal;\n    }\n\n    Label {\n      label: \"Changes are automatically saved and restored\";\n    }\n  }\n}"},"jsonrpc":"2.0"}
output: {"id":"6450762775837268","error":{"code":-32803,"message":"Invalid syntax"},"jsonrpc":"2.0"}

input: {"id":"39651926157598016","method":"x-blueprintcompiler/compile","params":{"text":"using Gtk 4.0;\n\nBox welcome {\n  orientation: vertical;\n  valign: center;\n  halign: center;\n\n  Image {\n    name: \"logo\";\n    icon-name: \"re.sonny.Workbench\";\n    pixel-size: 196;\n    margin-bottom: 24;\n\n    styles [\n      \"icon-dropshadow\",\n    ]\n  }\n\n  Label {\n    label: \"Welcome to Workbench\";\n    margin-bottom: 24;\n\n    styles [\n      \"title-1\",\n    ]\n  }\n\n  Label {\n    label: \"A sandbox to learn and prototype with\nGNOME technologies\";\n    margin-bottom: 24;\n    justify: center;\n  }\n\n  Box {\n    margin-bottom: 12;\n\n    Image {\n      icon-name: \"update-symbolic\";\n      margin-end: 12;\n      icon-size: normal;\n    }\n\n    Label {\n      label: \"Edit Style and UI to reload the Preview\";\n    }\n  }\n\n  Box {\n    margin-bottom: 12;\n\n    Image {\n      icon-name: \"media-playback-start-symbolic\";\n      margin-end: 12;\n      icon-size: normal;\n    }\n\n    Label {\n      label: \"Hit\";\n    }\n\n    ShortcutsShortcut {\n      accelerator: \"<Primary>Return\";\n      margin-start: 12;\n    }\n\n    Label {\n      label: \"to format and run Code\";\n    }\n  }\n\n  Box {\n    margin-bottom: 12;\n\n    Image {\n      icon-name: \"user-bookmarks-symbolic\";\n      margin-end: 12;\n      icon-size: normal;\n    }\n\n    Label {\n      label: \"Checkout the bookmarks to learn\";\n    }\n  }\n\n  Box {\n    margin-bottom: 12;\n\n    Image {\n      icon-name: \"media-floppy-symbolic\";\n      margin-end: 12;\n      icon-size: normal;\n    }\n\n    Label {\n      label: \"Changes are automatically saved and restored\";\n    }\n  }\n}"},"jsonrpc":"2.0"}
output: {"id":"39651926157598016","error":{"code":-32803,"message":"Invalid syntax"},"jsonrpc":"2.0"}

input: {"id":"2849542880899417","method":"x-blueprintcompiler/compile","params":{"text":"using Gtk 4.0;\n\nBox welcome {\n  orientation: vertical;\n  valign: center;\n  halign: center;\n\n  Image {\n    name: \"logo\";\n    icon-name: \"re.sonny.Workbench\";\n    pixel-size: 196;\n    margin-bottom: 24;\n\n    styles [\n      \"icon-dropshadow\",\n    ]\n  }\n\n  Label {\n    label: \"Welcome to Workbench\";\n    margin-bottom: 24;\n\n    styles [\n      \"title-1\",\n    ]\n  }\n\n  Label {\n    label: \"A sandbox to learn and prototype with\nGNOME technologies\";\n    margin-bottom: 24;\n    justify: center;\n  }\n\n  Box {\n    margin-bottom: 12;\n\n    Image {\n      icon-name: \"update-symbolic\";\n      margin-end: 12;\n      icon-size: normal;\n    }\n\n    Label {\n      label: \"Edit Style and UI to reload the Preview\";\n    }\n  }\n\n  Box {\n    margin-bottom: 12;\n\n    Image {\n      icon-name: \"media-playback-start-symbolic\";\n      margin-end: 12;\n      icon-size: normal;\n    }\n\n    Label {\n      label: \"Hit\";\n    }\n\n    ShortcutsShortcut {\n      accelerator: \"<Primary>Return\";\n      margin-start: 12;\n    }\n\n    Label {\n      label: \"to format and run Code\";\n    }\n  }\n\n  Box {\n    margin-bottom: 12;\n\n    Image {\n      icon-name: \"user-bookmarks-symbolic\";\n      margin-end: 12;\n      icon-size: normal;\n    }\n\n    Label {\n      label: \"Checkout the bookmarks to learn\";\n    }\n  }\n\n  Box {\n    margin-bottom: 12;\n\n    Image {\n      icon-name: \"media-floppy-symbolic\";\n      margin-end: 12;\n      icon-size: normal;\n    }\n\n    Label {\n      label: \"Changes are automatically saved and restored\";\n    }\n  }\n}"},"jsonrpc":"2.0"}
output: {"id":"2849542880899417","error":{"code":-32803,"message":"Invalid syntax"},"jsonrpc":"2.0"}

input: {"id":"12787116381678265","method":"x-blueprintcompiler/compile","params":{"text":"using Gtk 4.0;\n\nBox welcome {\n  orientation: vertical;\n  valign: center;\n  halign: center;\n\n  Image {\n    name: \"logo\";\n    icon-name: \"re.sonny.Workbench\";\n    pixel-size: 196;\n    margin-bottom: 24;\n\n    styles [\n      \"icon-dropshadow\",\n    ]\n  }\n\n  Label {\n    label: \"Welcome to Workbench\";\n    margin-bottom: 24;\n\n    styles [\n      \"title-1\",\n    ]\n  }\n\n  Label {\n    label: \"A sandbox to learn and prototype with\nGNOME technologies\";\n    margin-bottom: 24;\n    justify: center;\n  }\n\n  Box {\n    margin-bottom: 12;\n\n    Image {\n      icon-name: \"update-symbolic\";\n      margin-end: 12;\n      icon-size: normal;\n    }\n\n    Label {\n      label: \"Edit Style and UI to reload the Preview\";\n    }\n  }\n\n  Box {\n    margin-bottom: 12;\n\n    Image {\n      icon-name: \"media-playback-start-symbolic\";\n      margin-end: 12;\n      icon-size: normal;\n    }\n\n    Label {\n      label: \"Hit\";\n    }\n\n    ShortcutsShortcut {\n      accelerator: \"<Primary>Return\";\n      margin-start: 12;\n    }\n\n    Label {\n      label: \"to format and run Code\";\n    }\n  }\n\n  Box {\n    margin-bottom: 12;\n\n    Image {\n      icon-name: \"user-bookmarks-symbolic\";\n      margin-end: 12;\n      icon-size: normal;\n    }\n\n    Label {\n      label: \"Checkout the bookmarks to learn\";\n    }\n  }\n\n  Box {\n    margin-bottom: 12;\n\n    Image {\n      icon-name: \"media-floppy-symbolic\";\n      margin-end: 12;\n      icon-size: normal;\n    }\n\n    Label {\n      label: \"Changes are automatically saved and restored\";\n    }\n  }\n}"},"jsonrpc":"2.0"}
Traceback (most recent call last):
  File "/home/sonny/Projects/Workbench/src/blueprint-compiler/blueprintcompiler/lsp.py", line 243, in compile
    tokens = tokenizer.tokenize(text)
  File "/home/sonny/Projects/Workbench/src/blueprint-compiler/blueprintcompiler/tokenizer.py", line 96, in tokenize
    return list(_tokenize(data))
  File "/home/sonny/Projects/Workbench/src/blueprint-compiler/blueprintcompiler/tokenizer.py", line 90, in _tokenize
    raise CompileError("Could not determine what kind of syntax is meant here", i, i)
blueprintcompiler.errors.CompileError: Could not determine what kind of syntax is meant here

During handling of the above exception, another exception occurred:

Traceback (most recent call last):
  File "/home/sonny/Projects/Workbench/src/blueprint-compiler/blueprintcompiler/lsp.py", line 121, in run
    self.commands[method](self, id, params)
  File "/home/sonny/Projects/Workbench/src/blueprint-compiler/blueprintcompiler/lsp.py", line 246, in compile
    self._send_error(id, { "code": ErrorCodeff.RequestFailed, "message": "Invalid syntax" })
NameError: name 'ErrorCodeff' is not defined

input: {"id":"7452765247548928","method":"x-blueprintcompiler/compile","params":{"text":"using Gtk 4.0;\n\nBox welcome {\n  orientation: vertical;\n  valign: center;\n  halign: center;\n\n  Image {\n    name: \"logo\";\n    icon-name: \"re.sonny.Workbench\";\n    pixel-size: 196;\n    margin-bottom: 24;\n\n    styles [\n      \"icon-dropshadow\",\n    ]\n  }\n\n  Label {\n    label: \"Welcome to Workbench\";\n    margin-bottom: 24;\n\n    styles [\n      \"title-1\",\n    ]\n  }\n\n  Label {\n    label: \"A sandbox to learn and prototype with\nGNOME technologies\";\n    margin-bottom: 24;\n    justify: center;\n  }\n\n  Box {\n    margin-bottom: 12;\n\n    Image {\n      icon-name: \"update-symbolic\";\n      margin-end: 12;\n      icon-size: normal;\n    }\n\n    Label {\n      label: \"Edit Style and UI to reload the Preview\";\n    }\n  }\n\n  Box {\n    margin-bottom: 12;\n\n    Image {\n      icon-name: \"media-playback-start-symbolic\";\n      margin-end: 12;\n      icon-size: normal;\n    }\n\n    Label {\n      label: \"Hit\";\n    }\n\n    ShortcutsShortcut {\n      accelerator: \"<Primary>Return\";\n      margin-start: 12;\n    }\n\n    Label {\n      label: \"to format and run Code\";\n    }\n  }\n\n  Box {\n    margin-bottom: 12;\n\n    Image {\n      icon-name: \"user-bookmarks-symbolic\";\n      margin-end: 12;\n      icon-size: normal;\n    }\n\n    Label {\n      label: \"Checkout the bookmarks to learn\";\n    }\n  }\n\n  Box {\n    margin-bottom: 12;\n\n    Image {\n      icon-name: \"media-floppy-symbolic\";\n      margin-end: 12;\n      icon-size: normal;\n    }\n\n    Label {\n      label: \"Changes are automatically saved and restored\";\n    }\n  }\n}"},"jsonrpc":"2.0"}
output: {"id":"7452765247548928","error":{"code":-32803,"message":"Invalid syntax"},"jsonrpc":"2.0"}

input: {"id":"8935118592721255","method":"x-blueprintcompiler/compile","params":{"text":"using Gtk 4.0;\n\nBox welcome {\n  orientation: vertical;\n  valign: center;\n  halign: center;\n\n  Image {\n    name: \"logo\";\n    icon-name: \"re.sonny.Workbench\";\n    pixel-size: 196;\n    margin-bottom: 24;\n\n    styles [\n      \"icon-dropshadow\",\n    ]\n  }\n\n  Label {\n    label: \"Welcome to Workbench\";\n    margin-bottom: 24;\n\n    styles [\n      \"title-1\",\n    ]\n  }\n\n  Label {\n    label: \"A sandbox to learn and prototype with\nGNOME technologies\";\n    margin-bottom: 24;\n    justify: center;\n  }\n\n  Box {\n    margin-bottom: 12;\n\n    Image {\n      icon-name: \"update-symbolic\";\n      margin-end: 12;\n      icon-size: normal;\n    }\n\n    Label {\n      label: \"Edit Style and UI to reload the Preview\";\n    }\n  }\n\n  Box {\n    margin-bottom: 12;\n\n    Image {\n      icon-name: \"media-playback-start-symbolic\";\n      margin-end: 12;\n      icon-size: normal;\n    }\n\n    Label {\n      label: \"Hit\";\n    }\n\n    ShortcutsShortcut {\n      accelerator: \"<Primary>Return\";\n      margin-start: 12;\n    }\n\n    Label {\n      label: \"to format and run Code\";\n    }\n  }\n\n  Box {\n    margin-bottom: 12;\n\n    Image {\n      icon-name: \"user-bookmarks-symbolic\";\n      margin-end: 12;\n      icon-size: normal;\n    }\n\n    Label {\n      label: \"Checkout the bookmarks to learn\";\n    }\n  }\n\n  Box {\n    margin-bottom: 12;\n\n    Image {\n      icon-name: \"media-floppy-symbolic\";\n      margin-end: 12;\n      icon-size: normal;\n    }\n\n    Label {\n      label: \"Changes are automatically saved and restored\";\n    }\n  }\n}"},"jsonrpc":"2.0"}
Traceback (most recent call last):
  File "/home/sonny/Projects/Workbench/src/blueprint-compiler/blueprintcompiler/lsp.py", line 243, in compile
    tokens = tokenizer.tokenize(text)
  File "/home/sonny/Projects/Workbench/src/blueprint-compiler/blueprintcompiler/tokenizer.py", line 96, in tokenize
    return list(_tokenize(data))
  File "/home/sonny/Projects/Workbench/src/blueprint-compiler/blueprintcompiler/tokenizer.py", line 90, in _tokenize
    raise CompileError("Could not determine what kind of syntax is meant here", i, i)
blueprintcompiler.errors.CompileError: Could not determine what kind of syntax is meant here

During handling of the above exception, another exception occurred:

Traceback (most recent call last):
  File "/home/sonny/Projects/Workbench/src/blueprint-compiler/blueprintcompiler/lsp.py", line 121, in run
    self.commands[method](self, id, params)
  File "/home/sonny/Projects/Workbench/src/blueprint-compiler/blueprintcompiler/lsp.py", line 246, in compile
    self._send_error(id, { "code": ErrorCodeasdf.RequestFailed, "message": "Invalid syntax" })
NameError: name 'ErrorCodeasdf' is not defined

input: {"id":"9537684786057605","method":"x-blueprintcompiler/compile","params":{"text":"using Gtk 4.0;\n\nBox welcome {\n  orientation: vertical;\n  valign: center;\n  halign: center;\n\n  Image {\n    name: \"logo\";\n    icon-name: \"re.sonny.Workbench\";\n    pixel-size: 196;\n    margin-bottom: 24;\n\n    styles [\n      \"icon-dropshadow\",\n    ]\n  }\n\n  Label {\n    label: \"Welcome to Workbench\";\n    margin-bottom: 24;\n\n    styles [\n      \"title-1\",\n    ]\n  }\n\n  Label {\n    label: \"A sandbox to learn and prototype with\nGNOME technologies\";\n    margin-bottom: 24;\n    justify: center;\n  }\n\n  Box {\n    margin-bottom: 12;\n\n    Image {\n      icon-name: \"update-symbolic\";\n      margin-end: 12;\n      icon-size: normal;\n    }\n\n    Label {\n      label: \"Edit Style and UI to reload the Preview\";\n    }\n  }\n\n  Box {\n    margin-bottom: 12;\n\n    Image {\n      icon-name: \"media-playback-start-symbolic\";\n      margin-end: 12;\n      icon-size: normal;\n    }\n\n    Label {\n      label: \"Hit\";\n    }\n\n    ShortcutsShortcut {\n      accelerator: \"<Primary>Return\";\n      margin-start: 12;\n    }\n\n    Label {\n      label: \"to format and run Code\";\n    }\n  }\n\n  Box {\n    margin-bottom: 12;\n\n    Image {\n      icon-name: \"user-bookmarks-symbolic\";\n      margin-end: 12;\n      icon-size: normal;\n    }\n\n    Label {\n      label: \"Checkout the bookmarks to learn\";\n    }\n  }\n\n  Box {\n    margin-bottom: 12;\n\n    Image {\n      icon-name: \"media-floppy-symbolic\";\n      margin-end: 12;\n      icon-size: normal;\n    }\n\n    Label {\n      label: \"Changes are automatically saved and restored\";\n    }\n  }\n}"},"jsonrpc":"2.0"}
Traceback (most recent call last):
  File "/home/sonny/Projects/Workbench/src/blueprint-compiler/blueprintcompiler/lsp.py", line 243, in compile
    tokens = tokenizer.tokenize(text)
  File "/home/sonny/Projects/Workbench/src/blueprint-compiler/blueprintcompiler/tokenizer.py", line 96, in tokenize
    return list(_tokenize(data))
  File "/home/sonny/Projects/Workbench/src/blueprint-compiler/blueprintcompiler/tokenizer.py", line 90, in _tokenize
    raise CompileError("Could not determine what kind of syntax is meant here", i, i)
blueprintcompiler.errors.CompileError: Could not determine what kind of syntax is meant here

During handling of the above exception, another exception occurred:

Traceback (most recent call last):
  File "/home/sonny/Projects/Workbench/src/blueprint-compiler/blueprintcompiler/lsp.py", line 121, in run
    self.commands[method](self, id, params)
  File "/home/sonny/Projects/Workbench/src/blueprint-compiler/blueprintcompiler/lsp.py", line 246, in compile
    self._send_error(id, { "code": ErrorCodeasdf.RequestFailed, "message": "Invalid syntax" })
NameError: name 'ErrorCodeasdf' is not defined

input: {"id":"18334134795300217","method":"x-blueprintcompiler/compile","params":{"text":"using Gtk 4.0;\n\nBox welcome {\n  orientation: vertical;\n  valign: center;\n  halign: center;\n\n  Image {\n    name: \"logo\";\n    icon-name: \"re.sonny.Workbench\";\n    pixel-size: 196;\n    margin-bottom: 24;\n\n    styles [\n      \"icon-dropshadow\",\n    ]\n  }\n\n  Label {\n    label: \"Welcome to Workbench\";\n    margin-bottom: 24;\n\n    styles [\n      \"title-1\",\n    ]\n  }\n\n  Label {\n    label: \"A sandbox to learn and prototype with\nGNOME technologies\";\n    margin-bottom: 24;\n    justify: center;\n  }\n\n  Box {\n    margin-bottom: 12;\n\n    Image {\n      icon-name: \"update-symbolic\";\n      margin-end: 12;\n      icon-size: normal;\n    }\n\n    Label {\n      label: \"Edit Style and UI to reload the Preview\";\n    }\n  }\n\n  Box {\n    margin-bottom: 12;\n\n    Image {\n      icon-name: \"media-playback-start-symbolic\";\n      margin-end: 12;\n      icon-size: normal;\n    }\n\n    Label {\n      label: \"Hit\";\n    }\n\n    ShortcutsShortcut {\n      accelerator: \"<Primary>Return\";\n      margin-start: 12;\n    }\n\n    Label {\n      label: \"to format and run Code\";\n    }\n  }\n\n  Box {\n    margin-bottom: 12;\n\n    Image {\n      icon-name: \"user-bookmarks-symbolic\";\n      margin-end: 12;\n      icon-size: normal;\n    }\n\n    Label {\n      label: \"Checkout the bookmarks to learn\";\n    }\n  }\n\n  Box {\n    margin-bottom: 12;\n\n    Image {\n      icon-name: \"media-floppy-symbolic\";\n      margin-end: 12;\n      icon-size: normal;\n    }\n\n    Label {\n      label: \"Changes are automatically saved and restored\";\n    }\n  }\n}"},"jsonrpc":"2.0"}
Traceback (most recent call last):
  File "/home/sonny/Projects/Workbench/src/blueprint-compiler/blueprintcompiler/lsp.py", line 243, in compile
    tokens = tokenizer.tokenize(text)
  File "/home/sonny/Projects/Workbench/src/blueprint-compiler/blueprintcompiler/tokenizer.py", line 96, in tokenize
    return list(_tokenize(data))
  File "/home/sonny/Projects/Workbench/src/blueprint-compiler/blueprintcompiler/tokenizer.py", line 90, in _tokenize
    raise CompileError("Could not determine what kind of syntax is meant here", i, i)
blueprintcompiler.errors.CompileError: Could not determine what kind of syntax is meant here

During handling of the above exception, another exception occurred:

Traceback (most recent call last):
  File "/home/sonny/Projects/Workbench/src/blueprint-compiler/blueprintcompiler/lsp.py", line 121, in run
    self.commands[method](self, id, params)
  File "/home/sonny/Projects/Workbench/src/blueprint-compiler/blueprintcompiler/lsp.py", line 246, in compile
    self._send_error(id, { "code": ErrorCodeasdf.RequestFailed, "message": "Invalid syntax" })
NameError: name 'ErrorCodeasdf' is not defined

input: {"id":"19733935212050202","method":"x-blueprintcompiler/compile","params":{"text":"using Gtk 4.0;\n\nBox welcome {\n  orientation: vertical;\n  valign: center;\n  halign: center;\n\n  Image {\n    name: \"logo\";\n    icon-name: \"re.sonny.Workbench\";\n    pixel-size: 196;\n    margin-bottom: 24;\n\n    styles [\n      \"icon-dropshadow\",\n    ]\n  }\n\n  Label {\n    label: \"Welcome to Workbench\";\n    margin-bottom: 24;\n\n    styles [\n      \"title-1\",\n    ]\n  }\n\n  Label {\n    label: \"A sandbox to learn and prototype with\nGNOME technologies\";\n    margin-bottom: 24;\n    justify: center;\n  }\n\n  Box {\n    margin-bottom: 12;\n\n    Image {\n      icon-name: \"update-symbolic\";\n      margin-end: 12;\n      icon-size: normal;\n    }\n\n    Label {\n      label: \"Edit Style and UI to reload the Preview\";\n    }\n  }\n\n  Box {\n    margin-bottom: 12;\n\n    Image {\n      icon-name: \"media-playback-start-symbolic\";\n      margin-end: 12;\n      icon-size: normal;\n    }\n\n    Label {\n      label: \"Hit\";\n    }\n\n    ShortcutsShortcut {\n      accelerator: \"<Primary>Return\";\n      margin-start: 12;\n    }\n\n    Label {\n      label: \"to format and run Code\";\n    }\n  }\n\n  Box {\n    margin-bottom: 12;\n\n    Image {\n      icon-name: \"user-bookmarks-symbolic\";\n      margin-end: 12;\n      icon-size: normal;\n    }\n\n    Label {\n      label: \"Checkout the bookmarks to learn\";\n    }\n  }\n\n  Box {\n    margin-bottom: 12;\n\n    Image {\n      icon-name: \"media-floppy-symbolic\";\n      margin-end: 12;\n      icon-size: normal;\n    }\n\n    Label {\n      label: \"Changes are automatically saved and restored\";\n    }\n  }\n}"},"jsonrpc":"2.0"}
Traceback (most recent call last):
  File "/home/sonny/Projects/Workbench/src/blueprint-compiler/blueprintcompiler/lsp.py", line 243, in compile
    tokens = tokenizer.tokenize(text)
  File "/home/sonny/Projects/Workbench/src/blueprint-compiler/blueprintcompiler/tokenizer.py", line 96, in tokenize
    return list(_tokenize(data))
  File "/home/sonny/Projects/Workbench/src/blueprint-compiler/blueprintcompiler/tokenizer.py", line 90, in _tokenize
    raise CompileError("Could not determine what kind of syntax is meant here", i, i)
blueprintcompiler.errors.CompileError: Could not determine what kind of syntax is meant here

During handling of the above exception, another exception occurred:

Traceback (most recent call last):
  File "/home/sonny/Projects/Workbench/src/blueprint-compiler/blueprintcompiler/lsp.py", line 121, in run
    self.commands[method](self, id, params)
  File "/home/sonny/Projects/Workbench/src/blueprint-compiler/blueprintcompiler/lsp.py", line 246, in compile
    self._send_error(id, { "code": ErrorCodeasdf.RequestFailed, "message": "Invalid syntax" })
NameError: name 'ErrorCodeasdf' is not defined

input: {"id":"36747727084930437","method":"x-blueprintcompiler/compile","params":{"text":"using Gtk 4.0;\n\nBox welcome {\n  orientation: vertical;\n  valign: center;\n  halign: center;\n\n  Image {\n    name: \"logo\";\n    icon-name: \"re.sonny.Workbench\";\n    pixel-size: 196;\n    margin-bottom: 24;\n\n    styles [\n      \"icon-dropshadow\",\n    ]\n  }\n\n  Label {\n    label: \"Welcome to Workbench\";\n    margin-bottom: 24;\n\n    styles [\n      \"title-1\",\n    ]\n  }\n\n  Label {\n    label: \"A sandbox to learn and prototype with\nGNOME technologies\";\n    margin-bottom: 24;\n    justify: center;\n  }\n\n  Box {\n    margin-bottom: 12;\n\n    Image {\n      icon-name: \"update-symbolic\";\n      margin-end: 12;\n      icon-size: normal;\n    }\n\n    Label {\n      label: \"Edit Style and UI to reload the Preview\";\n    }\n  }\n\n  Box {\n    margin-bottom: 12;\n\n    Image {\n      icon-name: \"media-playback-start-symbolic\";\n      margin-end: 12;\n      icon-size: normal;\n    }\n\n    Label {\n      label: \"Hit\";\n    }\n\n    ShortcutsShortcut {\n      accelerator: \"<Primary>Return\";\n      margin-start: 12;\n    }\n\n    Label {\n      label: \"to format and run Code\";\n    }\n  }\n\n  Box {\n    margin-bottom: 12;\n\n    Image {\n      icon-name: \"user-bookmarks-symbolic\";\n      margin-end: 12;\n      icon-size: normal;\n    }\n\n    Label {\n      label: \"Checkout the bookmarks to learn\";\n    }\n  }\n\n  Box {\n    margin-bottom: 12;\n\n    Image {\n      icon-name: \"media-floppy-symbolic\";\n      margin-end: 12;\n      icon-size: normal;\n    }\n\n    Label {\n      label: \"Changes are automatically saved and restored\";\n    }\n  }\n}"},"jsonrpc":"2.0"}
Traceback (most recent call last):
  File "/home/sonny/Projects/Workbench/src/blueprint-compiler/blueprintcompiler/lsp.py", line 243, in compile
    tokens = tokenizer.tokenize(text)
  File "/home/sonny/Projects/Workbench/src/blueprint-compiler/blueprintcompiler/tokenizer.py", line 96, in tokenize
    return list(_tokenize(data))
  File "/home/sonny/Projects/Workbench/src/blueprint-compiler/blueprintcompiler/tokenizer.py", line 90, in _tokenize
    raise CompileError("Could not determine what kind of syntax is meant here", i, i)
blueprintcompiler.errors.CompileError: Could not determine what kind of syntax is meant here

During handling of the above exception, another exception occurred:

Traceback (most recent call last):
  File "/home/sonny/Projects/Workbench/src/blueprint-compiler/blueprintcompiler/lsp.py", line 121, in run
    self.commands[method](self, id, params)
  File "/home/sonny/Projects/Workbench/src/blueprint-compiler/blueprintcompiler/lsp.py", line 246, in compile
    self._send_error(id, { "code": ErrorCodeasdf.RequestFailed, "message": "Invalid syntax" })
NameError: name 'ErrorCodeasdf' is not defined

input: {"id":"8701254238120136","method":"x-blueprintcompiler/compile","params":{"text":"using Gtk 4.0;\n\nBox welcome {\n  orientation: vertical;\n  valign: center;\n  halign: center;\n\n  Image {\n    name: \"logo\";\n    icon-name: \"re.sonny.Workbench\";\n    pixel-size: 196;\n    margin-bottom: 24;\n\n    styles [\n      \"icon-dropshadow\",\n    ]\n  }\n\n  Label {\n    label: \"Welcome to Workbench\";\n    margin-bottom: 24;\n\n    styles [\n      \"title-1\",\n    ]\n  }\n\n  Label {\n    label: \"A sandbox to learn and prototype with\nGNOME technologies\";\n    margin-bottom: 24;\n    justify: center;\n  }\n\n  Box {\n    margin-bottom: 12;\n\n    Image {\n      icon-name: \"update-symbolic\";\n      margin-end: 12;\n      icon-size: normal;\n    }\n\n    Label {\n      label: \"Edit Style and UI to reload the Preview\";\n    }\n  }\n\n  Box {\n    margin-bottom: 12;\n\n    Image {\n      icon-name: \"media-playback-start-symbolic\";\n      margin-end: 12;\n      icon-size: normal;\n    }\n\n    Label {\n      label: \"Hit\";\n    }\n\n    ShortcutsShortcut {\n      accelerator: \"<Primary>Return\";\n      margin-start: 12;\n    }\n\n    Label {\n      label: \"to format and run Code\";\n    }\n  }\n\n  Box {\n    margin-bottom: 12;\n\n    Image {\n      icon-name: \"user-bookmarks-symbolic\";\n      margin-end: 12;\n      icon-size: normal;\n    }\n\n    Label {\n      label: \"Checkout the bookmarks to learn\";\n    }\n  }\n\n  Box {\n    margin-bottom: 12;\n\n    Image {\n      icon-name: \"media-floppy-symbolic\";\n      margin-end: 12;\n      icon-size: normal;\n    }\n\n    Label {\n      label: \"Changes are automatically saved and restored\";\n    }\n  }\n}"},"jsonrpc":"2.0"}
Traceback (most recent call last):
  File "/home/sonny/Projects/Workbench/src/blueprint-compiler/blueprintcompiler/lsp.py", line 243, in compile
    tokens = tokenizer.tokenize(text)
  File "/home/sonny/Projects/Workbench/src/blueprint-compiler/blueprintcompiler/tokenizer.py", line 96, in tokenize
    return list(_tokenize(data))
  File "/home/sonny/Projects/Workbench/src/blueprint-compiler/blueprintcompiler/tokenizer.py", line 90, in _tokenize
    raise CompileError("Could not determine what kind of syntax is meant here", i, i)
blueprintcompiler.errors.CompileError: Could not determine what kind of syntax is meant here

During handling of the above exception, another exception occurred:

Traceback (most recent call last):
  File "/home/sonny/Projects/Workbench/src/blueprint-compiler/blueprintcompiler/lsp.py", line 121, in run
    self.commands[method](self, id, params)
  File "/home/sonny/Projects/Workbench/src/blueprint-compiler/blueprintcompiler/lsp.py", line 246, in compile
    self._send_error(id, { "code": ErrorCodeasdf.RequestFailed, "message": "Invalid syntax" })
NameError: name 'ErrorCodeasdf' is not defined

input: {"id":"18126749947689458","method":"x-blueprintcompiler/compile","params":{"text":"using Gtk 4.0;\n\nBox welcome {\n  orientation: vertical;\n  valign: center;\n  halign: center;\n\n  Image {\n    name: \"logo\";\n    icon-name: \"re.sonny.Workbench\";\n    pixel-size: 196;\n    margin-bottom: 24;\n\n    styles [\n      \"icon-dropshadow\",\n    ]\n  }\n\n  Label {\n    label: \"Welcome to Workbench\";\n    margin-bottom: 24;\n\n    styles [\n      \"title-1\",\n    ]\n  }\n\n  Label {\n    label: \"A sandbox to learn and prototype with\nGNOME technologies\";\n    margin-bottom: 24;\n    justify: center;\n  }\n\n  Box {\n    margin-bottom: 12;\n\n    Image {\n      icon-name: \"update-symbolic\";\n      margin-end: 12;\n      icon-size: normal;\n    }\n\n    Label {\n      label: \"Edit Style and UI to reload the Preview\";\n    }\n  }\n\n  Box {\n    margin-bottom: 12;\n\n    Image {\n      icon-name: \"media-playback-start-symbolic\";\n      margin-end: 12;\n      icon-size: normal;\n    }\n\n    Label {\n      label: \"Hit\";\n    }\n\n    ShortcutsShortcut {\n      accelerator: \"<Primary>Return\";\n      margin-start: 12;\n    }\n\n    Label {\n      label: \"to format and run Code\";\n    }\n  }\n\n  Box {\n    margin-bottom: 12;\n\n    Image {\n      icon-name: \"user-bookmarks-symbolic\";\n      margin-end: 12;\n      icon-size: normal;\n    }\n\n    Label {\n      label: \"Checkout the bookmarks to learn\";\n    }\n  }\n\n  Box {\n    margin-bottom: 12;\n\n    Image {\n      icon-name: \"media-floppy-symbolic\";\n      margin-end: 12;\n      icon-size: normal;\n    }\n\n    Label {\n      label: \"Changes are automatically saved and restored\";\n    }\n  }\n}"},"jsonrpc":"2.0"}
output: {"id":"18126749947689458","error":{"code":-32803,"message":"Invalid syntax"},"jsonrpc":"2.0"}

input: {"id":"4131253018302222","method":"x-blueprintcompiler/compile","params":{"text":"using Gtk 4.0;\n\nBox welcome {\n  orientation: vertical;\n  valign: center;\n  halign: center;\n\n  Image {\n    name: \"logo\";\n    icon-name: \"re.sonny.Workbench\";\n    pixel-size: 196;\n    margin-bottom: 24;\n\n    styles [\n      \"icon-dropshadow\",\n    ]\n  }\n\n  Label {\n    label: \"Welcome to Workbench\";\n    margin-bottom: 24;\n\n    styles [\n      \"title-1\",\n    ]\n  }\n\n  Label {\n    label: \"A sandbox to learn and prototype with\nGNOME technologies\";\n    margin-bottom: 24;\n    justify: center;\n  }\n\n  Box {\n    margin-bottom: 12;\n\n    Image {\n      icon-name: \"update-symbolic\";\n      margin-end: 12;\n      icon-size: normal;\n    }\n\n    Label {\n      label: \"Edit Style and UI to reload the Preview\";\n    }\n  }\n\n  Box {\n    margin-bottom: 12;\n\n    Image {\n      icon-name: \"media-playback-start-symbolic\";\n      margin-end: 12;\n      icon-size: normal;\n    }\n\n    Label {\n      label: \"Hit\";\n    }\n\n    ShortcutsShortcut {\n      accelerator: \"<Primary>Return\";\n      margin-start: 12;\n    }\n\n    Label {\n      label: \"to format and run Code\";\n    }\n  }\n\n  Box {\n    margin-bottom: 12;\n\n    Image {\n      icon-name: \"user-bookmarks-symbolic\";\n      margin-end: 12;\n      icon-size: normal;\n    }\n\n    Label {\n      label: \"Checkout the bookmarks to learn\";\n    }\n  }\n\n  Box {\n    margin-bottom: 12;\n\n    Image {\n      icon-name: \"media-floppy-symbolic\";\n      margin-end: 12;\n      icon-size: normal;\n    }\n\n    Label {\n      label: \"Changes are automatically saved and restored\";\n    }\n  }\n}"},"jsonrpc":"2.0"}
output: {"id":"4131253018302222","error":{"code":-32803,"message":"Invalid syntax"},"jsonrpc":"2.0"}

